3            M1   mirror protected_al2o3         air          none 
6            M2   mirror protected_al2o3         air          none 
12           M3   mirror protected_al2o3         air          none 
15           L1     lens   lenses.txt      J2A6429         none 
16           L2     lens   lenses.txt      CEMENT5         none 
17           L3     lens   lenses.txt         CAFL         none 
18           L4     lens   lenses.txt      CEMENT5         none 
19           L5     lens   lenses.txt     JAE7216B         none 
20          L5E     lens   lenses.txt          air         none 
21           L6     lens   lenses.txt      T2A5806         none 
22           L7     lens   lenses.txt      CEMENT5         none 
23           L8     lens   lenses.txt         CAFL         none 
24           L9     lens   lenses.txt      CEMENT5         none 
25          L10     lens   lenses.txt      J2F5613         none 
26         L10E     lens   lenses.txt          air         none 
27          L11     lens   lenses.txt     JAE7216A         none 
28          L12     lens   lenses.txt      CEMENT5         none 
29          L13     lens   lenses.txt         CAFL         none 
30          L14     lens   lenses.txt      CEMENT5         none 
31          L15     lens   lenses.txt     115160/1         none 
32          L16     lens   lenses.txt      CEMENT5         none 
33          L17     lens   lenses.txt      J475405         none 
34         L17E     lens   lenses.txt          air         none 
35          L18     lens   lenses.txt       SILICA         none 
36         L18E     lens   lenses.txt          air         none 
42           M4   mirror protected_al2o3         air          none 
45          L19     lens   lenses.txt    JAE7216B2         none 
46          L20     lens   lenses.txt      CEMENT5         none 
47          L21     lens   lenses.txt      L1553S5         none 
48          L22     lens   lenses.txt      CEMENT5         none 
49          L23     lens   lenses.txt      K1H46S3         none 
50          L24     lens   lenses.txt      CEMENT5         none 
51          L25     lens   lenses.txt       SILICA         none 
52         L25E     lens   lenses.txt          air         none 
53          L26     lens   lenses.txt       SILICA         none 
54          L27     lens   lenses.txt      CEMENT5         none 
55          L28     lens   lenses.txt     JAE7216C         none 
56          L29     lens   lenses.txt      CEMENT5         none 
57          L30     lens   lenses.txt         CAFL         none 
58          L31     lens   lenses.txt      CEMENT5         none 
59          L32     lens   lenses.txt     H7584/37         none 
60         L32E     lens   lenses.txt          air         none 
61          L33     lens   lenses.txt    JAE7216B3         none 
62          L34     lens   lenses.txt      CEMENT5         none 
63          L35     lens   lenses.txt         CAFL         none 
64          L36     lens   lenses.txt      CEMENT5         none 
65          L37     lens   lenses.txt     121490-2         none 
66         L37E     lens   lenses.txt          air         none 
67          L38     lens   lenses.txt       SILICA         none 
68         L38E     lens   lenses.txt          air         none 
69          Det      det  detector_ar          air         none 
